[INIT][ECU2] ATK2 task + CAN/CanIf/PduR/COM + WdgM + NvM initialized
[INIT][ECU1] ATK2 task + COM/PduR/CanIf/Can initialized
[RUN] scenario=timeout cycle=100ms timeout=500ms
[0000ms][ECU1][OS] Task_100ms activated
[0000ms][ECU1][COM] Com_SendSignal speed=60kph seq=0
[0000ms][ECU1][PDUR] PduR_ComTransmit
[0000ms][ECU1][CANIF] CanIf_Transmit pdu=VehicleSpeedPdu
[0000ms][ECU1][CAN] Can_Write id=0x101 dlc=3
[0000ms][BUS] ROUTE id=0x101 dlc=3 ECU1->ECU2
[0000ms][ECU2][CANIF] CanIf_RxIndication id=0x101 dlc=3
[0000ms][ECU2][PDUR] PduR_CanIfRxIndication
[0000ms][ECU2][COM] Com_RxIndication speed=60kph seq=0 result=ACCEPT
[0000ms][ECU1][CANIF] CanIf_TxConfirmation pdu=VehicleSpeedPdu
[0000ms][ECU2][OS] Task_100ms activated
[0100ms][ECU1][OS] Task_100ms activated
[0100ms][ECU1][COM] Com_SendSignal speed=65kph seq=1
[0100ms][ECU1][PDUR] PduR_ComTransmit
[0100ms][ECU1][CANIF] CanIf_Transmit pdu=VehicleSpeedPdu
[0100ms][ECU1][CAN] Can_Write id=0x101 dlc=3
[0100ms][BUS] ROUTE id=0x101 dlc=3 ECU1->ECU2
[0100ms][ECU2][CANIF] CanIf_RxIndication id=0x101 dlc=3
[0100ms][ECU2][PDUR] PduR_CanIfRxIndication
[0100ms][ECU2][COM] Com_RxIndication speed=65kph seq=1 result=ACCEPT
[0100ms][ECU1][CANIF] CanIf_TxConfirmation pdu=VehicleSpeedPdu
[0100ms][ECU2][OS] Task_100ms activated
[0200ms][ECU1][OS] Task_100ms activated
[0200ms][ECU1][COM] Com_SendSignal speed=70kph seq=2
[0200ms][ECU1][PDUR] PduR_ComTransmit
[0200ms][ECU1][CANIF] CanIf_Transmit pdu=VehicleSpeedPdu
[0200ms][ECU1][CAN] Can_Write id=0x101 dlc=3
[0200ms][BUS] ROUTE id=0x101 dlc=3 ECU1->ECU2
[0200ms][ECU2][CANIF] CanIf_RxIndication id=0x101 dlc=3
[0200ms][ECU2][PDUR] PduR_CanIfRxIndication
[0200ms][ECU2][COM] Com_RxIndication speed=70kph seq=2 result=ACCEPT
[0200ms][ECU1][CANIF] CanIf_TxConfirmation pdu=VehicleSpeedPdu
[0200ms][ECU2][OS] Task_100ms activated
[0300ms][ECU1][OS] Task_100ms activated
[0300ms][ECU1][COM] Com_SendSignal speed=75kph seq=3
[0300ms][ECU1][PDUR] PduR_ComTransmit
[0300ms][ECU1][CANIF] CanIf_Transmit pdu=VehicleSpeedPdu
[0300ms][ECU1][CAN] Can_Write id=0x101 dlc=3
[0300ms][BUS] DROP reason=fault-injection id=0x101
[0300ms][ECU1][CANIF] CanIf_TxConfirmation pdu=VehicleSpeedPdu
[0300ms][ECU2][OS] Task_100ms activated
[0400ms][ECU1][OS] Task_100ms activated
[0400ms][ECU1][COM] Com_SendSignal speed=80kph seq=4
[0400ms][ECU1][PDUR] PduR_ComTransmit
[0400ms][ECU1][CANIF] CanIf_Transmit pdu=VehicleSpeedPdu
[0400ms][ECU1][CAN] Can_Write id=0x101 dlc=3
[0400ms][BUS] DROP reason=fault-injection id=0x101
[0400ms][ECU1][CANIF] CanIf_TxConfirmation pdu=VehicleSpeedPdu
[0400ms][ECU2][OS] Task_100ms activated
[0500ms][ECU1][OS] Task_100ms activated
[0500ms][ECU1][COM] Com_SendSignal speed=85kph seq=5
[0500ms][ECU1][PDUR] PduR_ComTransmit
[0500ms][ECU1][CANIF] CanIf_Transmit pdu=VehicleSpeedPdu
[0500ms][ECU1][CAN] Can_Write id=0x101 dlc=3
[0500ms][BUS] DROP reason=fault-injection id=0x101
[0500ms][ECU1][CANIF] CanIf_TxConfirmation pdu=VehicleSpeedPdu
[0500ms][ECU2][OS] Task_100ms activated
[0600ms][ECU1][OS] Task_100ms activated
[0600ms][ECU1][COM] Com_SendSignal speed=90kph seq=6
[0600ms][ECU1][PDUR] PduR_ComTransmit
[0600ms][ECU1][CANIF] CanIf_Transmit pdu=VehicleSpeedPdu
[0600ms][ECU1][CAN] Can_Write id=0x101 dlc=3
[0600ms][BUS] DROP reason=fault-injection id=0x101
[0600ms][ECU1][CANIF] CanIf_TxConfirmation pdu=VehicleSpeedPdu
[0600ms][ECU2][OS] Task_100ms activated
[0700ms][ECU1][OS] Task_100ms activated
[0700ms][ECU1][COM] Com_SendSignal speed=95kph seq=7
[0700ms][ECU1][PDUR] PduR_ComTransmit
[0700ms][ECU1][CANIF] CanIf_Transmit pdu=VehicleSpeedPdu
[0700ms][ECU1][CAN] Can_Write id=0x101 dlc=3
[0700ms][BUS] DROP reason=fault-injection id=0x101
[0700ms][ECU1][CANIF] CanIf_TxConfirmation pdu=VehicleSpeedPdu
[0700ms][ECU2][OS] Task_100ms activated
[0700ms][WDGM] deadline missed age=500ms threshold=500ms missed_count=1
[0700ms][ECU2][COM] TIMEOUT age=500ms threshold=500ms
[0800ms][ECU1][OS] Task_100ms activated
[0800ms][ECU1][COM] Com_SendSignal speed=100kph seq=8
[0800ms][ECU1][PDUR] PduR_ComTransmit
[0800ms][ECU1][CANIF] CanIf_Transmit pdu=VehicleSpeedPdu
[0800ms][ECU1][CAN] Can_Write id=0x101 dlc=3
[0800ms][BUS] DROP reason=fault-injection id=0x101
[0800ms][ECU1][CANIF] CanIf_TxConfirmation pdu=VehicleSpeedPdu
[0800ms][ECU2][OS] Task_100ms activated
[0800ms][WDGM] deadline missed age=600ms threshold=500ms missed_count=2
[0900ms][ECU1][OS] Task_100ms activated
[0900ms][ECU1][COM] Com_SendSignal speed=105kph seq=9
[0900ms][ECU1][PDUR] PduR_ComTransmit
[0900ms][ECU1][CANIF] CanIf_Transmit pdu=VehicleSpeedPdu
[0900ms][ECU1][CAN] Can_Write id=0x101 dlc=3
[0900ms][BUS] DROP reason=fault-injection id=0x101
[0900ms][ECU1][CANIF] CanIf_TxConfirmation pdu=VehicleSpeedPdu
[0900ms][ECU2][OS] Task_100ms activated
[0900ms][WDGM] deadline missed age=700ms threshold=500ms missed_count=3
[0900ms][WDGM] EXPIRED missed_count=3 expired_total=1
[1000ms][ECU1][OS] Task_100ms activated
[1000ms][ECU1][COM] Com_SendSignal speed=110kph seq=10
[1000ms][ECU1][PDUR] PduR_ComTransmit
[1000ms][ECU1][CANIF] CanIf_Transmit pdu=VehicleSpeedPdu
[1000ms][ECU1][CAN] Can_Write id=0x101 dlc=3
[1000ms][BUS] DROP reason=fault-injection id=0x101
[1000ms][ECU1][CANIF] CanIf_TxConfirmation pdu=VehicleSpeedPdu
[1000ms][ECU2][OS] Task_100ms activated
[1000ms][WDGM] deadline missed age=800ms threshold=500ms missed_count=4
[1000ms][WDGM] EXPIRED missed_count=4 expired_total=2
[SUMMARY] scenario=timeout tx=11 delivered=3 dropped=8 accepted=3 reject_id=0 reject_dlc=0 reject_range=0 reject_seq=0 timeouts=1 tx_confirm=11
[NVM] reads=1 writes=14
